git clone  https://github.com/AspeedTech-BMC/openbmc.git     -------->   Create a working copy of a local repository:

git tag   ----> 

git branch -a --->  display all avaialble  branches

git branch ----> display currently pulled branches

git checkout <branchname>   ---- >  switch to an existing branch

git branch  <new-branchname>  -----> create a new branch 

git checkout -b <new-branchname>      ----------->     Create a new branch and switch to it .
                                                            new branch is based off-from current HEAD

git checkout -b  <new-branchname>  <existing-branchname> ---->  Create a new branch and switch to it .
                               new branch is based off-from  specified existing-branch instedof from  branch pinted by current HEAD

git branch -d     <branchname>          ------------->   Delete a branch 

git clone -b pilot-linux-4.17-rev1  --single-branch https://github.com/AspeedTech-BMC/linux.git     : clone single branch



git status      ------------------>       List the files you've changed and those you still need to add or commit:


git pull origin branchname ---->  
eg:  git pull origin  pilot-linux-4.17-rev1   ---> will make  local repo upto date  with remote
                                                   Before  giving this  make sure no changes made  to local repo
                                                   

git reset --soft  HEAD~3
git log
git status
Now follow instructions in git status o/p
git reset HEAD , git checkout

git pull








Adding a Remote:
git remote add  <remote-name> <remote-url> 
git remote add  openbmc  https://github.com/openbmc/openbmc.git

verifying remote:
git remote -v 


###################################################################################################################################

Examples:
----------------
git clone -b  pilo4-rel5 --single-branch   https://github.com/AspeedTech-BMC/openbmc.git

git clone -b pilot-linux-4.17-rev1  --single-branch https://github.com/AspeedTech-BMC/linux.git 

git clone -b pilot4 --single-branch  https://github.com/AspeedTech-BMC/u-boot.git

git clone -b  thud --single-branch   https://github.com/openbmc/openbmc.git


fetch a remote branch into already existing local repo:
--------------------------------------------------------
vsudheer@aspeed-fw:~/openbmc_pilot5/openbmc$ git branch -a
* pilot4-rel5
  remotes/origin/pilot4-rel5
vsudheer@aspeed-fw:~/openbmc_pilot5/openbmc$ git fetch origin pilot4-linux-4.19:pilot4-linux-4.19
From https://github.com/AspeedTech-BMC/openbmc
 * [new branch]          pilot4-linux-4.19 -> pilot4-linux-4.19
vsudheer@aspeed-fw:~/openbmc_pilot5/openbmc$
vsudheer@aspeed-fw:~/openbmc_pilot5/openbmc$ git branch -a
  pilot4-linux-4.19
* pilot4-rel5
  remotes/origin/pilot4-rel5
vsudheer@aspeed-fw:~/openbmc_pilot5/openbmc$
vsudheer@aspeed-fw:~/openbmc_pilot5/openbmc$ git checkout pilot4-linux-4.19
Switched to branch 'pilot4-linux-4.19'
vsudheer@aspeed-fw:~/openbmc_pilot5/openbmc$
vsudheer@aspeed-fw:~/openbmc_pilot5/openbmc$ git branch -a
* pilot4-linux-4.19
  pilot4-rel5
  remotes/origin/pilot4-rel5
vsudheer@aspeed-fw:~/openbmc_pilot5/openbmc$
vsudheer@aspeed-fw:~/openbmc_pilot5/openbmc$

Reverting a most recent commit(which is not yet pushed):
--------------------------------
git pull origin thud
git log
git reset --hard e3f1e37  (if e3f1e37 is most recent commit hash )
git push --force origin thud

changing name of a branch in remote :
------------------------------
git push -u origin uboot-openbmc-thud:thud  ( creates a new branch thud which is copy of  old branch is uboot-openbmc-thud)
git  push origin --delete uboot-openbmc-thud ( remove old branch uboot-openbmc-thud)

changing commit message for just remote pushed commit
-----------------------------------------------
git commit --amend -m "New commit message"
git push --force

removing several already pushed commits from remote:
---------------------------------------------------
suppose you want to remove commits from  master  branch of  remote - origin
git remote -v : ensure remote correctly
git checkout master
First save the <diff of  commit to be removed> -- you will loose the changes once u rebase the view.
git rebase -i  < hash of commit which is parent of offending commit>
pick/drop commits as requied in vim editor ,
^X(ctrl+X) exit, enter,--> Successfully rebased and updated refs/heads/master
F2,Enter ---> eg: Successfully rebased and updated refs/heads/aspeed-linux-4.19-pilot4-espi.
git push origin master --force 



git remote -v
git checkout aspeed-linux-4.19-pilot4
First save the <diff of  commit to be removed> -- you will loose the changes once u rebase the view.
git rebase -i < Hash of parent of offending commit>
edit pick/drop(as requied) before commits in vim editor ,
^X(ctrl+X) exit, enter,--> Successfully rebased and updated refs/heads/aspeed-linux-4.19-pilot4
git push origin aspeed-linux-4.19-pilot4 --force

Creating branch2 outof branch1, work,commit into branch2,merge branch2 into nranch1
----------------------------------------------------------------------------------------

git checkout -b subbranch_of_branch1  branch1
git push -u origin subbranch_of_branch1

example: 
git clone -b aspeed-dev-v5.0 --single-branch https://github.com/AspeedTech-BMC/linux.git
git branch -a
git checkout -b subbranch_of_aspeed-dev-v5.0  aspeed-dev-v5.0
git push -u origin subbranch_of_aspeed-dev-v5.0
git branch -a
git apply --stat fix_empty_poster.patch
git apply --check fix_empty_poster.patch
git apply  fix_empty_poster.patch  /  git am fix_empty_poster.patch


example2:
---------

vsudheer@aspeed-fw:~/pilotsoc_eSPI_drivers/linux$ git branch -a
 * aspeed-linux-4.19-pilot4
  remotes/origin/aspeed-linux-4.19-pilot4
vsudheer@aspeed-fw:~/pilotsoc_eSPI_drivers/linux$

git pull

git checkout -b  aspeed-linux-4.19-pilot4-espi  aspeed-linux-4.19-pilot4
vsudheer@aspeed-fw:~/pilotsoc_eSPI_drivers/linux$ git branch -a
  aspeed-linux-4.19-pilot4
* aspeed-linux-4.19-pilot4-espi
  remotes/origin/aspeed-linux-4.19-pilot4
vsudheer@aspeed-fw:~/pilotsoc_eSPI_drivers/linux$

git push -u origin aspeed-linux-4.19-pilot4-espi
Branch 'aspeed-linux-4.19-pilot4-espi' set up to track remote branch 'aspeed-linux-4.19-pilot4-espi' from 'origin'.

check in the remote -- the branch will appear.












Understanding git:
------------------------

[12:27]:root: /elx/sandbox/pilot_fw/pilot/sveliseti/Organised_Folder/Automation_scripts #
[12:27]:root: /elx/sandbox/pilot_fw/pilot/sveliseti/Organised_Folder/Automation_scripts # mkdir Automate_tasks
[12:27]:root: /elx/sandbox/pilot_fw/pilot/sveliseti/Organised_Folder/Automation_scripts # cd Automate_tasks/
[12:27]:root: /elx/sandbox/pilot_fw/pilot/sveliseti/Organised_Folder/Automation_scripts/Automate_tasks # echo "# AutomateTasks" >> README.md
[12:28]:root: /elx/sandbox/pilot_fw/pilot/sveliseti/Organised_Folder/Automation_scripts/Automate_tasks # ls -la
total 12
drwxr-xr-x 2 root root 4096 May 15 12:26 .
drwxr-xr-x 8 root root 4096 May 15 12:25 ..
-rw-r--r-- 1 root root   16 May 15 12:26 README.md
[12:28]:root: /elx/sandbox/pilot_fw/pilot/sveliseti/Organised_Folder/Automation_scripts/Automate_tasks #
[12:28]:root: /elx/sandbox/pilot_fw/pilot/sveliseti/Organised_Folder/Automation_scripts/Automate_tasks # git init
Initialized empty Git repository in /elx/sandbox/pilot_fw/pilot/sveliseti/Organised_Folder/Automation_scripts/Automate_tasks/.git/
[12:28]:root: /elx/sandbox/pilot_fw/pilot/sveliseti/Organised_Folder/Automation_scripts/Automate_tasks # git add README.md
[12:28]:root: /elx/sandbox/pilot_fw/pilot/sveliseti/Organised_Folder/Automation_scripts/Automate_tasks # git status
On branch master

Initial commit

Changes to be committed:
  (use "git rm --cached <file>..." to unstage)

        new file:   README.md

[12:28]:root: /elx/sandbox/pilot_fw/pilot/sveliseti/Organised_Folder/Automation_scripts/Automate_tasks #
[12:28]:root: /elx/sandbox/pilot_fw/pilot/sveliseti/Organised_Folder/Automation_scripts/Automate_tasks # git log
fatal: bad default revision 'HEAD'
[12:29]:root: /elx/sandbox/pilot_fw/pilot/sveliseti/Organised_Folder/Automation_scripts/Automate_tasks #
[12:29]:root: /elx/sandbox/pilot_fw/pilot/sveliseti/Organised_Folder/Automation_scripts/Automate_tasks # ls -a
.  ..  .git  README.md
[12:29]:root: /elx/sandbox/pilot_fw/pilot/sveliseti/Organised_Folder/Automation_scripts/Automate_tasks # git branch
[12:29]:root: /elx/sandbox/pilot_fw/pilot/sveliseti/Organised_Folder/Automation_scripts/Automate_tasks #
[12:29]:root: /elx/sandbox/pilot_fw/pilot/sveliseti/Organised_Folder/Automation_scripts/Automate_tasks # git branch -a
[12:29]:root: /elx/sandbox/pilot_fw/pilot/sveliseti/Organised_Folder/Automation_scripts/Automate_tasks #
[12:29]:root: /elx/sandbox/pilot_fw/pilot/sveliseti/Organised_Folder/Automation_scripts/Automate_tasks # git remote -v
[12:29]:root: /elx/sandbox/pilot_fw/pilot/sveliseti/Organised_Folder/Automation_scripts/Automate_tasks #
[12:29]:root: /elx/sandbox/pilot_fw/pilot/sveliseti/Organised_Folder/Automation_scripts/Automate_tasks # git commit -m "first commit"
[master (root-commit) 4472e0e] first commit
 1 file changed, 1 insertion(+)
 create mode 100644 README.md
[12:30]:root: /elx/sandbox/pilot_fw/pilot/sveliseti/Organised_Folder/Automation_scripts/Automate_tasks # ls -la
total 16
drwxr-xr-x 3 root root 4096 May 15 12:26 .
drwxr-xr-x 8 root root 4096 May 15 12:25 ..
drwxr-xr-x 8 root root 4096 May 15 12:28 .git
-rw-r--r-- 1 root root   16 May 15 12:26 README.md
[12:30]:root: /elx/sandbox/pilot_fw/pilot/sveliseti/Organised_Folder/Automation_scripts/Automate_tasks # git status
On branch master
nothing to commit, working directory clean
[12:30]:root: /elx/sandbox/pilot_fw/pilot/sveliseti/Organised_Folder/Automation_scripts/Automate_tasks # git branch -a
* master
[12:30]:root: /elx/sandbox/pilot_fw/pilot/sveliseti/Organised_Folder/Automation_scripts/Automate_tasks # git remote -v
[12:30]:root: /elx/sandbox/pilot_fw/pilot/sveliseti/Organised_Folder/Automation_scripts/Automate_tasks #
[12:30]:root: /elx/sandbox/pilot_fw/pilot/sveliseti/Organised_Folder/Automation_scripts/Automate_tasks # git log
commit 4472e0eaabb52e174eaf34c75a670c25a8be4132
Author: sudheer.v <open.sudheer@gmail.com>
Date:   Wed May 15 12:30:02 2019 +0530

    first commit
[12:30]:root: /elx/sandbox/pilot_fw/pilot/sveliseti/Organised_Folder/Automation_scripts/Automate_tasks #
[12:34]:root: /elx/sandbox/pilot_fw/pilot/sveliseti/Organised_Folder/Automation_scripts/Automate_tasks # git remote add origin https://github.com/v-sudheer/AutomateTasks.git
[12:34]:root: /elx/sandbox/pilot_fw/pilot/sveliseti/Organised_Folder/Automation_scripts/Automate_tasks # git branch -a
* master
[12:34]:root: /elx/sandbox/pilot_fw/pilot/sveliseti/Organised_Folder/Automation_scripts/Automate_tasks # git status
On branch master
nothing to commit, working directory clean
[12:35]:root: /elx/sandbox/pilot_fw/pilot/sveliseti/Organised_Folder/Automation_scripts/Automate_tasks # git remote -v
origin  https://github.com/v-sudheer/AutomateTasks.git (fetch)
origin  https://github.com/v-sudheer/AutomateTasks.git (push)
[12:35]:root: /elx/sandbox/pilot_fw/pilot/sveliseti/Organised_Folder/Automation_scripts/Automate_tasks # vim dma_uart_test_for_ast2500.py
[12:40]:root: /elx/sandbox/pilot_fw/pilot/sveliseti/Organised_Folder/Automation_scripts/Automate_tasks # git add dma_uart_test_for_ast2500.py
[12:40]:root: /elx/sandbox/pilot_fw/pilot/sveliseti/Organised_Folder/Automation_scripts/Automate_tasks # git status
On branch master
Changes to be committed:
  (use "git reset HEAD <file>..." to unstage)

        new file:   dma_uart_test_for_ast2500.py

[12:40]:root: /elx/sandbox/pilot_fw/pilot/sveliseti/Organised_Folder/Automation_scripts/Automate_tasks # git commit -m "python script for testing DMA UART driver on AST2500 evb"
[master 9b37392] python script for testing DMA UART driver on AST2500 evb
 1 file changed, 197 insertions(+)
 create mode 100644 dma_uart_test_for_ast2500.py
[12:41]:root: /elx/sandbox/pilot_fw/pilot/sveliseti/Organised_Folder/Automation_scripts/Automate_tasks # git status
On branch master
nothing to commit, working directory clean
[12:42]:root: /elx/sandbox/pilot_fw/pilot/sveliseti/Organised_Folder/Automation_scripts/Automate_tasks # git log
commit 9b37392f66877b1980b1049a61c005364018874e
Author: sudheer.v <open.sudheer@gmail.com>
Date:   Wed May 15 12:41:55 2019 +0530

    python script for testing DMA UART driver on AST2500 evb

commit 4472e0eaabb52e174eaf34c75a670c25a8be4132
Author: sudheer.v <open.sudheer@gmail.com>
Date:   Wed May 15 12:30:02 2019 +0530

    first commit
[12:42]:root: /elx/sandbox/pilot_fw/pilot/sveliseti/Organised_Folder/Automation_scripts/Automate_tasks #
[12:43]:root: /elx/sandbox/pilot_fw/pilot/sveliseti/Organised_Folder/Automation_scripts/Automate_tasks # git push -u origin master
Username for 'https://github.com': sudheer.veliseti@aspeedtech.com
Password for 'https://sudheer.veliseti@aspeedtech.com@github.com':
Counting objects: 6, done.
Compressing objects: 100% (4/4), done.
Writing objects: 100% (6/6), 1.82 KiB | 0 bytes/s, done.
Total 6 (delta 0), reused 0 (delta 0)
To https://github.com/v-sudheer/AutomateTasks.git
 * [new branch]      master -> master
Branch master set up to track remote branch master from origin.
[12:44]:root: /elx/sandbox/pilot_fw/pilot/sveliseti/Organised_Folder/Automation_scripts/Automate_tasks # git log
commit 9b37392f66877b1980b1049a61c005364018874e
Author: sudheer.v <open.sudheer@gmail.com>
Date:   Wed May 15 12:41:55 2019 +0530

    python script for testing DMA UART driver on AST2500 evb

commit 4472e0eaabb52e174eaf34c75a670c25a8be4132
Author: sudheer.v <open.sudheer@gmail.com>
Date:   Wed May 15 12:30:02 2019 +0530

    first commit
[12:44]:root: /elx/sandbox/pilot_fw/pilot/sveliseti/Organised_Folder/Automation_scripts/Automate_tasks # git status
On branch master
Your branch is up-to-date with 'origin/master'.

nothing to commit, working directory clean
[12:44]:root: /elx/sandbox/pilot_fw/pilot/sveliseti/Organised_Folder/Automation_scripts/Automate_tasks #
[14:29]:root: /elx/sandbox/pilot_fw/pilot/sveliseti/Organised_Folder/Automation_scripts/Automate_tasks # git branch -a
* master
  remotes/origin/master
[12:44]:root: /elx/sandbox/pilot_fw/pilot/sveliseti/Organised_Folder/Automation_scripts/Automate_tasks #
